ARM GAS  C:\Users\Georg\AppData\Local\Temp\ccxMoIaP.s 			page 1


   1              		.cpu cortex-m4
   2              		.arch armv7e-m
   3              		.fpu fpv4-sp-d16
   4              		.eabi_attribute 27, 1
   5              		.eabi_attribute 28, 1
   6              		.eabi_attribute 20, 1
   7              		.eabi_attribute 21, 1
   8              		.eabi_attribute 23, 3
   9              		.eabi_attribute 24, 1
  10              		.eabi_attribute 25, 1
  11              		.eabi_attribute 26, 1
  12              		.eabi_attribute 30, 1
  13              		.eabi_attribute 34, 1
  14              		.eabi_attribute 18, 4
  15              		.file	"init.c"
  16              		.text
  17              	.Ltext0:
  18              		.cfi_sections	.debug_frame
  19              		.file 1 "Core/Src/init.c"
  20              		.section	.text.lab_1_init,"ax",%progbits
  21              		.align	1
  22              		.global	lab_1_init
  23              		.syntax unified
  24              		.thumb
  25              		.thumb_func
  27              	lab_1_init:
  28              	.LFB0:
   1:Core/Src/init.c **** #include "init.h"
   2:Core/Src/init.c **** 
   3:Core/Src/init.c **** void lab_1_init(void) {
  29              		.loc 1 3 23 view -0
  30              		.cfi_startproc
  31              		@ args = 0, pretend = 0, frame = 0
  32              		@ frame_needed = 0, uses_anonymous_args = 0
  33 0000 F0B5     		push	{r4, r5, r6, r7, lr}
  34              	.LCFI0:
  35              		.cfi_def_cfa_offset 20
  36              		.cfi_offset 4, -20
  37              		.cfi_offset 5, -16
  38              		.cfi_offset 6, -12
  39              		.cfi_offset 7, -8
  40              		.cfi_offset 14, -4
   4:Core/Src/init.c **** 
   5:Core/Src/init.c ****     /* GPIO RCC configuration */
   6:Core/Src/init.c ****     RCC_REG(RCC_AHB1ENR) |= GPIOA_EN;                    // Enable clock for GPIOA
  41              		.loc 1 6 5 view .LVU1
  42 0002 214D     		ldr	r5, .L3
  43 0004 D5F83018 		ldr	r1, [r5, #2096]
  44              		.loc 1 6 26 is_stmt 0 view .LVU2
  45 0008 41F00103 		orr	r3, r1, #1
  46 000c C5F83038 		str	r3, [r5, #2096]
   7:Core/Src/init.c **** 
   8:Core/Src/init.c ****     /* GPIOA configuration (LEDS) [01 for each is Output] */
   9:Core/Src/init.c ****     GPIOA_REG(GPIO_MODER) |= LED_1_PIN;              // Set PA0 pin as output
  47              		.loc 1 9 5 is_stmt 1 view .LVU3
  48 0010 1E4B     		ldr	r3, .L3+4
  49 0012 1A68     		ldr	r2, [r3]
ARM GAS  C:\Users\Georg\AppData\Local\Temp\ccxMoIaP.s 			page 2


  50              		.loc 1 9 27 is_stmt 0 view .LVU4
  51 0014 42F00100 		orr	r0, r2, #1
  52 0018 1860     		str	r0, [r3]
  10:Core/Src/init.c ****     GPIOA_REG(GPIO_MODER) |= LED_2_PIN;              // Set PA1 pin as output
  53              		.loc 1 10 5 is_stmt 1 view .LVU5
  54              		.loc 1 10 27 is_stmt 0 view .LVU6
  55 001a 42F00500 		orr	r0, r2, #5
  56 001e 1860     		str	r0, [r3]
  11:Core/Src/init.c ****     GPIOA_REG(GPIO_MODER) |= LED_3_PIN;              // Set PA4 pin as output
  57              		.loc 1 11 5 is_stmt 1 view .LVU7
  58              		.loc 1 11 27 is_stmt 0 view .LVU8
  59 0020 40F20514 		movw	r4, #261
  60 0024 42EA0400 		orr	r0, r2, r4
  61 0028 1860     		str	r0, [r3]
  12:Core/Src/init.c ****     GPIOA_REG(GPIO_MODER) |= LED_4_PIN;              // Set PA5 pin as output
  62              		.loc 1 12 5 is_stmt 1 view .LVU9
  63              		.loc 1 12 27 is_stmt 0 view .LVU10
  64 002a 40F2055C 		movw	ip, #1285
  65 002e 42EA0C00 		orr	r0, r2, ip
  66 0032 1860     		str	r0, [r3]
  13:Core/Src/init.c ****     GPIOA_REG(GPIO_MODER) |= LED_5_PIN;              // Set PA6 pin as output
  67              		.loc 1 13 5 is_stmt 1 view .LVU11
  68              		.loc 1 13 27 is_stmt 0 view .LVU12
  69 0034 41F20550 		movw	r0, #5381
  70 0038 42EA0006 		orr	r6, r2, r0
  71 003c 1E60     		str	r6, [r3]
  14:Core/Src/init.c ****     GPIOA_REG(GPIO_MODER) |= LED_6_PIN;              // Set PA7 pin as output
  72              		.loc 1 14 5 is_stmt 1 view .LVU13
  73              		.loc 1 14 27 is_stmt 0 view .LVU14
  74 003e 45F2055E 		movw	lr, #21765
  75 0042 42EA0E02 		orr	r2, r2, lr
  76 0046 1A60     		str	r2, [r3]
  15:Core/Src/init.c **** 
  16:Core/Src/init.c ****     /* GPIOA configuration (push-pull (reset state)) */
  17:Core/Src/init.c ****     GPIOA_REG(GPIO_OTYPER) = 0;                      // Set output type to push-pull
  77              		.loc 1 17 5 is_stmt 1 view .LVU15
  78              		.loc 1 17 28 is_stmt 0 view .LVU16
  79 0048 0026     		movs	r6, #0
  80 004a 5E60     		str	r6, [r3, #4]
  18:Core/Src/init.c **** 
  19:Core/Src/init.c ****     /* GPIOA configuration (pin speed) [01 for each is Medium] */
  20:Core/Src/init.c ****     GPIOA_REG(GPIO_OSPEEDR) |= LED_1_PIN;            // Set medium output speed for PA0
  81              		.loc 1 20 5 is_stmt 1 view .LVU17
  82 004c 9A68     		ldr	r2, [r3, #8]
  83              		.loc 1 20 29 is_stmt 0 view .LVU18
  84 004e 42F00107 		orr	r7, r2, #1
  85 0052 9F60     		str	r7, [r3, #8]
  21:Core/Src/init.c ****     GPIOA_REG(GPIO_OSPEEDR) |= LED_2_PIN;            // Set medium output speed for PA1
  86              		.loc 1 21 5 is_stmt 1 view .LVU19
  87              		.loc 1 21 29 is_stmt 0 view .LVU20
  88 0054 42F00507 		orr	r7, r2, #5
  89 0058 9F60     		str	r7, [r3, #8]
  22:Core/Src/init.c ****     GPIOA_REG(GPIO_OSPEEDR) |= LED_3_PIN;            // Set medium output speed for PA4
  90              		.loc 1 22 5 is_stmt 1 view .LVU21
  91              		.loc 1 22 29 is_stmt 0 view .LVU22
  92 005a 1443     		orrs	r4, r4, r2
  93 005c 9C60     		str	r4, [r3, #8]
ARM GAS  C:\Users\Georg\AppData\Local\Temp\ccxMoIaP.s 			page 3


  23:Core/Src/init.c ****     GPIOA_REG(GPIO_OSPEEDR) |= LED_4_PIN;            // Set medium output speed for PA5
  94              		.loc 1 23 5 is_stmt 1 view .LVU23
  95              		.loc 1 23 29 is_stmt 0 view .LVU24
  96 005e 42EA0C04 		orr	r4, r2, ip
  97 0062 9C60     		str	r4, [r3, #8]
  24:Core/Src/init.c ****     GPIOA_REG(GPIO_OSPEEDR) |= LED_5_PIN;            // Set medium output speed for PA6
  98              		.loc 1 24 5 is_stmt 1 view .LVU25
  99              		.loc 1 24 29 is_stmt 0 view .LVU26
 100 0064 1043     		orrs	r0, r0, r2
 101 0066 9860     		str	r0, [r3, #8]
  25:Core/Src/init.c ****     GPIOA_REG(GPIO_OSPEEDR) |= LED_6_PIN;            // Set medium output speed for PA7
 102              		.loc 1 25 5 is_stmt 1 view .LVU27
 103              		.loc 1 25 29 is_stmt 0 view .LVU28
 104 0068 42EA0E02 		orr	r2, r2, lr
 105 006c 9A60     		str	r2, [r3, #8]
  26:Core/Src/init.c **** 
  27:Core/Src/init.c ****     /* GPIOA configuration (pin speed) [00 for each is No pull-up, pull-down] */
  28:Core/Src/init.c ****     GPIOA_REG(GPIO_PUPDR) |= 64000000;               // Set No pull-up, pull-down for GPIOA
 106              		.loc 1 28 5 is_stmt 1 view .LVU29
 107 006e DA68     		ldr	r2, [r3, #12]
 108              		.loc 1 28 27 is_stmt 0 view .LVU30
 109 0070 42F07472 		orr	r2, r2, #63963136
 110 0074 42F41042 		orr	r2, r2, #36864
 111 0078 DA60     		str	r2, [r3, #12]
  29:Core/Src/init.c **** 
  30:Core/Src/init.c **** 
  31:Core/Src/init.c **** 
  32:Core/Src/init.c ****     /* GPIOC RCC configuration */
  33:Core/Src/init.c ****     RCC_REG(RCC_AHB1ENR) |= GPIOC_EN;                // Enable clock for GPIOC
 112              		.loc 1 33 5 is_stmt 1 view .LVU31
 113              		.loc 1 33 26 is_stmt 0 view .LVU32
 114 007a 41F00501 		orr	r1, r1, #5
 115 007e C5F83018 		str	r1, [r5, #2096]
  34:Core/Src/init.c **** 
  35:Core/Src/init.c ****     /* GPIOC configuration (push-pull (reset state)) */
  36:Core/Src/init.c ****     GPIOC_REG(GPIO_PUPDR) = 0;                       // No pull-up/pull-down for GPIOC
 116              		.loc 1 36 5 is_stmt 1 view .LVU33
 117              		.loc 1 36 27 is_stmt 0 view .LVU34
 118 0082 C3F80C68 		str	r6, [r3, #2060]
  37:Core/Src/init.c **** }
 119              		.loc 1 37 1 view .LVU35
 120 0086 F0BD     		pop	{r4, r5, r6, r7, pc}
 121              	.L4:
 122              		.align	2
 123              	.L3:
 124 0088 00300240 		.word	1073885184
 125 008c 00000240 		.word	1073872896
 126              		.cfi_endproc
 127              	.LFE0:
 129              		.section	.text.delay,"ax",%progbits
 130              		.align	1
 131              		.global	delay
 132              		.syntax unified
 133              		.thumb
 134              		.thumb_func
 136              	delay:
 137              	.LVL0:
ARM GAS  C:\Users\Georg\AppData\Local\Temp\ccxMoIaP.s 			page 4


 138              	.LFB1:
  38:Core/Src/init.c **** 
  39:Core/Src/init.c **** void delay(int nTime) {
 139              		.loc 1 39 23 is_stmt 1 view -0
 140              		.cfi_startproc
 141              		@ args = 0, pretend = 0, frame = 0
 142              		@ frame_needed = 0, uses_anonymous_args = 0
 143              		@ link register save eliminated.
  40:Core/Src/init.c **** 
  41:Core/Src/init.c ****     unsigned int i;
 144              		.loc 1 41 5 view .LVU37
  42:Core/Src/init.c ****     unsigned long j;
 145              		.loc 1 42 5 view .LVU38
  43:Core/Src/init.c **** 
  44:Core/Src/init.c ****     for(i = nTime; i > 0; i--) {
 146              		.loc 1 44 5 view .LVU39
 147              		.loc 1 44 5 is_stmt 0 view .LVU40
 148 0000 03E0     		b	.L6
 149              	.LVL1:
 150              	.L7:
  45:Core/Src/init.c ****         for(j = 1000; j > 0; j--);
 151              		.loc 1 45 31 is_stmt 1 discriminator 3 view .LVU41
 152 0002 013B     		subs	r3, r3, #1
 153              	.LVL2:
 154              	.L8:
 155              		.loc 1 45 25 discriminator 1 view .LVU42
 156 0004 002B     		cmp	r3, #0
 157 0006 FCD1     		bne	.L7
  44:Core/Src/init.c ****         for(j = 1000; j > 0; j--);
 158              		.loc 1 44 28 discriminator 2 view .LVU43
 159 0008 0138     		subs	r0, r0, #1
 160              	.LVL3:
 161              	.L6:
  44:Core/Src/init.c ****         for(j = 1000; j > 0; j--);
 162              		.loc 1 44 22 discriminator 1 view .LVU44
 163 000a 10B1     		cbz	r0, .L10
 164              		.loc 1 45 15 is_stmt 0 view .LVU45
 165 000c 4FF47A73 		mov	r3, #1000
 166 0010 F8E7     		b	.L8
 167              	.L10:
  46:Core/Src/init.c ****     }
  47:Core/Src/init.c **** }
 168              		.loc 1 47 1 view .LVU46
 169 0012 7047     		bx	lr
 170              		.cfi_endproc
 171              	.LFE1:
 173              		.section	.text.normal_man_init,"ax",%progbits
 174              		.align	1
 175              		.global	normal_man_init
 176              		.syntax unified
 177              		.thumb
 178              		.thumb_func
 180              	normal_man_init:
 181              	.LFB2:
  48:Core/Src/init.c **** 
  49:Core/Src/init.c **** 
  50:Core/Src/init.c **** void normal_man_init(void) {
ARM GAS  C:\Users\Georg\AppData\Local\Temp\ccxMoIaP.s 			page 5


 182              		.loc 1 50 28 is_stmt 1 view -0
 183              		.cfi_startproc
 184              		@ args = 0, pretend = 0, frame = 0
 185              		@ frame_needed = 0, uses_anonymous_args = 0
 186              		@ link register save eliminated.
 187 0000 10B4     		push	{r4}
 188              	.LCFI1:
 189              		.cfi_def_cfa_offset 4
 190              		.cfi_offset 4, -4
  51:Core/Src/init.c ****     /* GPIOA configuration */
  52:Core/Src/init.c ****     RCC_REG(RCC_AHB1ENR) |= GPIOA_EN;                    // Enable clock for GPIOA
 191              		.loc 1 52 5 view .LVU48
 192 0002 1249     		ldr	r1, .L13
 193 0004 D1F83028 		ldr	r2, [r1, #2096]
 194              		.loc 1 52 26 is_stmt 0 view .LVU49
 195 0008 42F00103 		orr	r3, r2, #1
 196 000c C1F83038 		str	r3, [r1, #2096]
  53:Core/Src/init.c **** 
  54:Core/Src/init.c ****     GPIOA_REG(GPIO_MODER) |= LED_4_PIN;              // Set PA5 pin as output
 197              		.loc 1 54 5 is_stmt 1 view .LVU50
 198 0010 0F4B     		ldr	r3, .L13+4
 199 0012 1868     		ldr	r0, [r3]
 200              		.loc 1 54 27 is_stmt 0 view .LVU51
 201 0014 40F48060 		orr	r0, r0, #1024
 202 0018 1860     		str	r0, [r3]
  55:Core/Src/init.c ****     GPIOA_REG(GPIO_OTYPER) = 0;                          // Set output type to push-pull
 203              		.loc 1 55 5 is_stmt 1 view .LVU52
 204              		.loc 1 55 28 is_stmt 0 view .LVU53
 205 001a 0024     		movs	r4, #0
 206 001c 5C60     		str	r4, [r3, #4]
  56:Core/Src/init.c ****     GPIOA_REG(GPIO_OSPEEDR) |= LED_4_PIN;          // Set medium output speed for PA5
 207              		.loc 1 56 5 is_stmt 1 view .LVU54
 208 001e 9868     		ldr	r0, [r3, #8]
 209              		.loc 1 56 29 is_stmt 0 view .LVU55
 210 0020 40F48060 		orr	r0, r0, #1024
 211 0024 9860     		str	r0, [r3, #8]
  57:Core/Src/init.c ****     GPIOA_REG(GPIO_PUPDR) = 0x64000000;                  // Configure pull-up/pull-down resistors
 212              		.loc 1 57 5 is_stmt 1 view .LVU56
 213              		.loc 1 57 27 is_stmt 0 view .LVU57
 214 0026 4FF0C840 		mov	r0, #1677721600
 215 002a D860     		str	r0, [r3, #12]
  58:Core/Src/init.c **** 
  59:Core/Src/init.c ****     /* GPIOC configuration */
  60:Core/Src/init.c ****     RCC_REG(RCC_AHB1ENR) |= GPIOC_EN;                    // Enable clock for GPIOC
 216              		.loc 1 60 5 is_stmt 1 view .LVU58
 217              		.loc 1 60 26 is_stmt 0 view .LVU59
 218 002c 42F00502 		orr	r2, r2, #5
 219 0030 C1F83028 		str	r2, [r1, #2096]
  61:Core/Src/init.c ****     GPIOC_REG(GPIO_PUPDR) = 0x00000000;                  // No pull-up/pull-down for GPIOC
 220              		.loc 1 61 5 is_stmt 1 view .LVU60
 221              		.loc 1 61 27 is_stmt 0 view .LVU61
 222 0034 C3F80C48 		str	r4, [r3, #2060]
  62:Core/Src/init.c **** 
  63:Core/Src/init.c ****     /* Upload finish flashing in PA5 (USER LED)*/
  64:Core/Src/init.c ****     GPIOA_REG(GPIO_BSRR) |= 1 << 5;                     // Set PA5 output high initially
 223              		.loc 1 64 5 is_stmt 1 view .LVU62
 224 0038 9A69     		ldr	r2, [r3, #24]
ARM GAS  C:\Users\Georg\AppData\Local\Temp\ccxMoIaP.s 			page 6


 225              		.loc 1 64 26 is_stmt 0 view .LVU63
 226 003a 42F02001 		orr	r1, r2, #32
 227 003e 9961     		str	r1, [r3, #24]
  65:Core/Src/init.c ****     delay(1000);
 228              		.loc 1 65 5 is_stmt 1 view .LVU64
  66:Core/Src/init.c ****     GPIOA_REG(GPIO_BSRR) |= 1 << 5 << 16;                     // Set PA5 output high initially
 229              		.loc 1 66 5 view .LVU65
 230              		.loc 1 66 26 is_stmt 0 view .LVU66
 231 0040 42F02012 		orr	r2, r2, #2097184
 232 0044 9A61     		str	r2, [r3, #24]
  67:Core/Src/init.c ****     delay(1000);
 233              		.loc 1 67 5 is_stmt 1 view .LVU67
  68:Core/Src/init.c ****     GPIOA_REG(GPIO_BSRR) |= 1 << 5;                     // Set PA5 output high initially
 234              		.loc 1 68 5 view .LVU68
  69:Core/Src/init.c ****     delay(1000);
 235              		.loc 1 69 5 view .LVU69
  70:Core/Src/init.c ****     GPIOA_REG(GPIO_BSRR) |= 1 << 5 << 16;                     // Set PA5 output high initially
 236              		.loc 1 70 5 view .LVU70
  71:Core/Src/init.c ****     delay(1000);
 237              		.loc 1 71 5 view .LVU71
  72:Core/Src/init.c **** }
 238              		.loc 1 72 1 is_stmt 0 view .LVU72
 239 0046 5DF8044B 		ldr	r4, [sp], #4
 240              	.LCFI2:
 241              		.cfi_restore 4
 242              		.cfi_def_cfa_offset 0
 243 004a 7047     		bx	lr
 244              	.L14:
 245              		.align	2
 246              	.L13:
 247 004c 00300240 		.word	1073885184
 248 0050 00000240 		.word	1073872896
 249              		.cfi_endproc
 250              	.LFE2:
 252              		.text
 253              	.Letext0:
 254              		.file 2 "Core/Inc/stdtypes.h"
ARM GAS  C:\Users\Georg\AppData\Local\Temp\ccxMoIaP.s 			page 7


DEFINED SYMBOLS
                            *ABS*:00000000 init.c
C:\Users\Georg\AppData\Local\Temp\ccxMoIaP.s:21     .text.lab_1_init:00000000 $t
C:\Users\Georg\AppData\Local\Temp\ccxMoIaP.s:27     .text.lab_1_init:00000000 lab_1_init
C:\Users\Georg\AppData\Local\Temp\ccxMoIaP.s:124    .text.lab_1_init:00000088 $d
C:\Users\Georg\AppData\Local\Temp\ccxMoIaP.s:130    .text.delay:00000000 $t
C:\Users\Georg\AppData\Local\Temp\ccxMoIaP.s:136    .text.delay:00000000 delay
C:\Users\Georg\AppData\Local\Temp\ccxMoIaP.s:174    .text.normal_man_init:00000000 $t
C:\Users\Georg\AppData\Local\Temp\ccxMoIaP.s:180    .text.normal_man_init:00000000 normal_man_init
C:\Users\Georg\AppData\Local\Temp\ccxMoIaP.s:247    .text.normal_man_init:0000004c $d

NO UNDEFINED SYMBOLS
